[  461199ms] [WARNING] Unsatisfied version 3.4.3 from @jupyterlab/application-top of shared singleton module @jupyterlab/application (required ^3.6.2) @ https://jupyter.hpc.hse.ru/user/aoshavrina/lab/extensions/@cmd-ntrf/jupyterlab-lmod/static/remoteEntry.337561c2f2841a9379f9.js:0
[  461200ms] [WARNING] Unsatisfied version 3.4.3 from @jupyterlab/application-top of shared singleton module @jupyterlab/launcher (required ^3.6.2) @ https://jupyter.hpc.hse.ru/user/aoshavrina/lab/extensions/@cmd-ntrf/jupyterlab-lmod/static/remoteEntry.337561c2f2841a9379f9.js:0
[  461201ms] [WARNING] Unsatisfied version 5.4.3 from @jupyterlab/application-top of shared singleton module @jupyterlab/coreutils (required ^5.6.2) @ https://jupyter.hpc.hse.ru/user/aoshavrina/lab/extensions/@cmd-ntrf/jupyterlab-lmod/static/remoteEntry.337561c2f2841a9379f9.js:0
[  461202ms] [WARNING] Unsatisfied version 3.4.3 from @jupyterlab/application-top of shared singleton module @jupyterlab/apputils (required ^3.6.2) @ https://jupyter.hpc.hse.ru/user/aoshavrina/lab/extensions/@cmd-ntrf/jupyterlab-lmod/static/remoteEntry.337561c2f2841a9379f9.js:0
[  461203ms] [WARNING] Unsatisfied version 1.31.1 from @jupyterlab/application-top of shared singleton module @lumino/widgets (required ^1.37.1) @ https://jupyter.hpc.hse.ru/user/aoshavrina/lab/extensions/@cmd-ntrf/jupyterlab-lmod/static/remoteEntry.337561c2f2841a9379f9.js:0
[  461490ms] [WARNING] Default kernel not found, using 'conda-env-python-google_colab_gpu_2024-py' @ https://jupyter.hpc.hse.ru/user/aoshavrina/static/lab/jlab_core.fc632a0f38747f007842.js?v=fc632a0f38747f007842:1
[  461592ms] [WARNING] Default kernel not found, using 'conda-env-python-google_colab_gpu_2024-py' @ https://jupyter.hpc.hse.ru/user/aoshavrina/static/lab/jlab_core.fc632a0f38747f007842.js?v=fc632a0f38747f007842:1
[  462092ms] [WARNING] Unsatisfied version 3.4.3 from @jupyterlab/application-top of shared singleton module @jupyterlab/application (required ^3.6.2) @ https://jupyter.hpc.hse.ru/user/aoshavrina/lab/extensions/@cmd-ntrf/jupyterlab-lmod/static/remoteEntry.337561c2f2841a9379f9.js:0
[  462093ms] [WARNING] Unsatisfied version 3.4.3 from @jupyterlab/application-top of shared singleton module @jupyterlab/launcher (required ^3.6.2) @ https://jupyter.hpc.hse.ru/user/aoshavrina/lab/extensions/@cmd-ntrf/jupyterlab-lmod/static/remoteEntry.337561c2f2841a9379f9.js:0
[  462094ms] [WARNING] Unsatisfied version 5.4.3 from @jupyterlab/application-top of shared singleton module @jupyterlab/coreutils (required ^5.6.2) @ https://jupyter.hpc.hse.ru/user/aoshavrina/lab/extensions/@cmd-ntrf/jupyterlab-lmod/static/remoteEntry.337561c2f2841a9379f9.js:0
[  462094ms] [WARNING] Unsatisfied version 3.4.3 from @jupyterlab/application-top of shared singleton module @jupyterlab/apputils (required ^3.6.2) @ https://jupyter.hpc.hse.ru/user/aoshavrina/lab/extensions/@cmd-ntrf/jupyterlab-lmod/static/remoteEntry.337561c2f2841a9379f9.js:0
[  462095ms] [WARNING] Unsatisfied version 1.31.1 from @jupyterlab/application-top of shared singleton module @lumino/widgets (required ^1.37.1) @ https://jupyter.hpc.hse.ru/user/aoshavrina/lab/extensions/@cmd-ntrf/jupyterlab-lmod/static/remoteEntry.337561c2f2841a9379f9.js:0
[  462415ms] [WARNING] Default kernel not found, using 'conda-env-python-google_colab_gpu_2024-py' @ https://jupyter.hpc.hse.ru/user/aoshavrina/static/lab/jlab_core.fc632a0f38747f007842.js?v=fc632a0f38747f007842:1
[  462525ms] [WARNING] Default kernel not found, using 'conda-env-python-google_colab_gpu_2024-py' @ https://jupyter.hpc.hse.ru/user/aoshavrina/static/lab/jlab_core.fc632a0f38747f007842.js?v=fc632a0f38747f007842:1
[  463623ms] [LOG] JupyterFrontEnd extension lmod is activated! @ https://jupyter.hpc.hse.ru/user/aoshavrina/lab/extensions/@cmd-ntrf/jupyterlab-lmod/static/510.9e922b08dc3c39798590.js?v=9e922b08dc3c39798590:0
[  464092ms] [WARNING] Default kernel not found, using 'conda-env-python-google_colab_gpu_2024-py' @ https://jupyter.hpc.hse.ru/user/aoshavrina/static/lab/jlab_core.fc632a0f38747f007842.js?v=fc632a0f38747f007842:1
[  464114ms] [ERROR] Failed to load resource: the server responded with a status of 404 (Not Found) @ https://jupyter.hpc.hse.ru/user/aoshavrina/server-proxy/servers-info:0
[  464115ms] [LOG] Could not fetch metadata about registered servers. Make sure jupyter-server-proxy is installed. @ https://jupyter.hpc.hse.ru/user/aoshavrina/lab/extensions/@cmd-ntrf/jupyterlab-lmod/static/205.5a92ea90dceb055ae79b.js?v=5a92ea90dceb055ae79b:0
[  464115ms] [LOG] Response @ https://jupyter.hpc.hse.ru/user/aoshavrina/lab/extensions/@cmd-ntrf/jupyterlab-lmod/static/205.5a92ea90dceb055ae79b.js?v=5a92ea90dceb055ae79b:0
[  525768ms] [WARNING] Default kernel not found, using 'conda-env-python-google_colab_gpu_2024-py' @ https://jupyter.hpc.hse.ru/user/aoshavrina/static/lab/jlab_core.fc632a0f38747f007842.js?v=fc632a0f38747f007842:1
[  587445ms] [WARNING] Default kernel not found, using 'conda-env-python-google_colab_gpu_2024-py' @ https://jupyter.hpc.hse.ru/user/aoshavrina/static/lab/jlab_core.fc632a0f38747f007842.js?v=fc632a0f38747f007842:1
[  649120ms] [WARNING] Default kernel not found, using 'conda-env-python-google_colab_gpu_2024-py' @ https://jupyter.hpc.hse.ru/user/aoshavrina/static/lab/jlab_core.fc632a0f38747f007842.js?v=fc632a0f38747f007842:1
[  710794ms] [WARNING] Default kernel not found, using 'conda-env-python-google_colab_gpu_2024-py' @ https://jupyter.hpc.hse.ru/user/aoshavrina/static/lab/jlab_core.fc632a0f38747f007842.js?v=fc632a0f38747f007842:1
[  772505ms] [WARNING] Default kernel not found, using 'conda-env-python-google_colab_gpu_2024-py' @ https://jupyter.hpc.hse.ru/user/aoshavrina/static/lab/jlab_core.fc632a0f38747f007842.js?v=fc632a0f38747f007842:1
[  834189ms] [WARNING] Default kernel not found, using 'conda-env-python-google_colab_gpu_2024-py' @ https://jupyter.hpc.hse.ru/user/aoshavrina/static/lab/jlab_core.fc632a0f38747f007842.js?v=fc632a0f38747f007842:1
[  895870ms] [WARNING] Default kernel not found, using 'conda-env-python-google_colab_gpu_2024-py' @ https://jupyter.hpc.hse.ru/user/aoshavrina/static/lab/jlab_core.fc632a0f38747f007842.js?v=fc632a0f38747f007842:1
[  957600ms] [WARNING] Default kernel not found, using 'conda-env-python-google_colab_gpu_2024-py' @ https://jupyter.hpc.hse.ru/user/aoshavrina/static/lab/jlab_core.fc632a0f38747f007842.js?v=fc632a0f38747f007842:1
[ 1019280ms] [WARNING] Default kernel not found, using 'conda-env-python-google_colab_gpu_2024-py' @ https://jupyter.hpc.hse.ru/user/aoshavrina/static/lab/jlab_core.fc632a0f38747f007842.js?v=fc632a0f38747f007842:1
[ 1047884ms] [WARNING] Default kernel not found, using 'conda-env-python-google_colab_gpu_2024-py' @ https://jupyter.hpc.hse.ru/user/aoshavrina/static/lab/jlab_core.fc632a0f38747f007842.js?v=fc632a0f38747f007842:1
[ 1049440ms] [WARNING] Failed to fetch ipywidgets through the "jupyter.widget.control" comm channel, fallback to fetching individual model state. Reason: Control comm was closed too early @ https://jupyter.hpc.hse.ru/user/aoshavrina/lab/extensions/@jupyter-widgets/jupyterlab-manager/static/272.eb0d340d1eec40ac564f.js:0
[ 1080953ms] [WARNING] Default kernel not found, using 'conda-env-python-google_colab_gpu_2024-py' @ https://jupyter.hpc.hse.ru/user/aoshavrina/static/lab/jlab_core.fc632a0f38747f007842.js?v=fc632a0f38747f007842:1
[ 1142641ms] [WARNING] Default kernel not found, using 'conda-env-python-google_colab_gpu_2024-py' @ https://jupyter.hpc.hse.ru/user/aoshavrina/static/lab/jlab_core.fc632a0f38747f007842.js?v=fc632a0f38747f007842:1
[ 1204319ms] [WARNING] Default kernel not found, using 'conda-env-python-google_colab_gpu_2024-py' @ https://jupyter.hpc.hse.ru/user/aoshavrina/static/lab/jlab_core.fc632a0f38747f007842.js?v=fc632a0f38747f007842:1
[ 1227704ms] [WARNING] Connection lost, reconnecting in 0 seconds. @ https://jupyter.hpc.hse.ru/user/aoshavrina/static/lab/jlab_core.fc632a0f38747f007842.js?v=fc632a0f38747f007842:1
[ 1231198ms] [WARNING] Failed to fetch ipywidgets through the "jupyter.widget.control" comm channel, fallback to fetching individual model state. Reason: Control comm was closed too early @ https://jupyter.hpc.hse.ru/user/aoshavrina/lab/extensions/@jupyter-widgets/jupyterlab-manager/static/272.eb0d340d1eec40ac564f.js:0
[ 1265990ms] [WARNING] Default kernel not found, using 'conda-env-python-google_colab_gpu_2024-py' @ https://jupyter.hpc.hse.ru/user/aoshavrina/static/lab/jlab_core.fc632a0f38747f007842.js?v=fc632a0f38747f007842:1
[ 1327688ms] [WARNING] Default kernel not found, using 'conda-env-python-google_colab_gpu_2024-py' @ https://jupyter.hpc.hse.ru/user/aoshavrina/static/lab/jlab_core.fc632a0f38747f007842.js?v=fc632a0f38747f007842:1
[ 1389370ms] [WARNING] Default kernel not found, using 'conda-env-python-google_colab_gpu_2024-py' @ https://jupyter.hpc.hse.ru/user/aoshavrina/static/lab/jlab_core.fc632a0f38747f007842.js?v=fc632a0f38747f007842:1
[ 1451038ms] [WARNING] Default kernel not found, using 'conda-env-python-google_colab_gpu_2024-py' @ https://jupyter.hpc.hse.ru/user/aoshavrina/static/lab/jlab_core.fc632a0f38747f007842.js?v=fc632a0f38747f007842:1
[ 1512717ms] [WARNING] Default kernel not found, using 'conda-env-python-google_colab_gpu_2024-py' @ https://jupyter.hpc.hse.ru/user/aoshavrina/static/lab/jlab_core.fc632a0f38747f007842.js?v=fc632a0f38747f007842:1
[ 1574393ms] [WARNING] Default kernel not found, using 'conda-env-python-google_colab_gpu_2024-py' @ https://jupyter.hpc.hse.ru/user/aoshavrina/static/lab/jlab_core.fc632a0f38747f007842.js?v=fc632a0f38747f007842:1
[ 1636082ms] [WARNING] Default kernel not found, using 'conda-env-python-google_colab_gpu_2024-py' @ https://jupyter.hpc.hse.ru/user/aoshavrina/static/lab/jlab_core.fc632a0f38747f007842.js?v=fc632a0f38747f007842:1
[ 1697769ms] [WARNING] Default kernel not found, using 'conda-env-python-google_colab_gpu_2024-py' @ https://jupyter.hpc.hse.ru/user/aoshavrina/static/lab/jlab_core.fc632a0f38747f007842.js?v=fc632a0f38747f007842:1
[ 1759442ms] [WARNING] Default kernel not found, using 'conda-env-python-google_colab_gpu_2024-py' @ https://jupyter.hpc.hse.ru/user/aoshavrina/static/lab/jlab_core.fc632a0f38747f007842.js?v=fc632a0f38747f007842:1
[ 1821126ms] [WARNING] Default kernel not found, using 'conda-env-python-google_colab_gpu_2024-py' @ https://jupyter.hpc.hse.ru/user/aoshavrina/static/lab/jlab_core.fc632a0f38747f007842.js?v=fc632a0f38747f007842:1
[ 1882800ms] [WARNING] Default kernel not found, using 'conda-env-python-google_colab_gpu_2024-py' @ https://jupyter.hpc.hse.ru/user/aoshavrina/static/lab/jlab_core.fc632a0f38747f007842.js?v=fc632a0f38747f007842:1
[ 1944483ms] [WARNING] Default kernel not found, using 'conda-env-python-google_colab_gpu_2024-py' @ https://jupyter.hpc.hse.ru/user/aoshavrina/static/lab/jlab_core.fc632a0f38747f007842.js?v=fc632a0f38747f007842:1
[ 2006162ms] [WARNING] Default kernel not found, using 'conda-env-python-google_colab_gpu_2024-py' @ https://jupyter.hpc.hse.ru/user/aoshavrina/static/lab/jlab_core.fc632a0f38747f007842.js?v=fc632a0f38747f007842:1
[ 2067887ms] [WARNING] Default kernel not found, using 'conda-env-python-google_colab_gpu_2024-py' @ https://jupyter.hpc.hse.ru/user/aoshavrina/static/lab/jlab_core.fc632a0f38747f007842.js?v=fc632a0f38747f007842:1
[ 2129667ms] [WARNING] Default kernel not found, using 'conda-env-python-google_colab_gpu_2024-py' @ https://jupyter.hpc.hse.ru/user/aoshavrina/static/lab/jlab_core.fc632a0f38747f007842.js?v=fc632a0f38747f007842:1
[ 2191311ms] [WARNING] Default kernel not found, using 'conda-env-python-google_colab_gpu_2024-py' @ https://jupyter.hpc.hse.ru/user/aoshavrina/static/lab/jlab_core.fc632a0f38747f007842.js?v=fc632a0f38747f007842:1
[ 2252987ms] [WARNING] Default kernel not found, using 'conda-env-python-google_colab_gpu_2024-py' @ https://jupyter.hpc.hse.ru/user/aoshavrina/static/lab/jlab_core.fc632a0f38747f007842.js?v=fc632a0f38747f007842:1
[ 2261420ms] [ERROR] Failed to load resource: the server responded with a status of 503 (Service Unavailable) @ https://jupyter.hpc.hse.ru/user/aoshavrina/static/favicons/favicon-busy-1.ico:0
[ 2261925ms] [WARNING] Connection lost, reconnecting in 0 seconds. @ https://jupyter.hpc.hse.ru/user/aoshavrina/static/lab/jlab_core.fc632a0f38747f007842.js?v=fc632a0f38747f007842:1
[ 2261930ms] [WARNING] Connection lost, reconnecting in 0 seconds. @ https://jupyter.hpc.hse.ru/user/aoshavrina/static/lab/jlab_core.fc632a0f38747f007842.js?v=fc632a0f38747f007842:1
[ 2262285ms] [ERROR] WebSocket connection to 'wss://jupyter.hpc.hse.ru/user/aoshavrina/api/kernels/273d0e85-eaa5-4785-8003-5e78631ecbc4/channels?session_id=b28c74d4-e4f2-4b85-bbaf-bf63d0b6e357' failed: Error during WebSocket handshake: Unexpected response code: 502 @ https://jupyter.hpc.hse.ru/user/aoshavrina/static/lab/jlab_core.fc632a0f38747f007842.js?v=fc632a0f38747f007842:1
[ 2262419ms] [ERROR] Failed to load resource: the server responded with a status of 503 (Service Unavailable) @ https://jupyter.hpc.hse.ru/user/aoshavrina/api/kernels/273d0e85-eaa5-4785-8003-5e78631ecbc4?1790639216905:0
[ 2262502ms] [ERROR] WebSocket connection to 'wss://jupyter.hpc.hse.ru/user/aoshavrina/api/kernels/273d0e85-eaa5-4785-8003-5e78631ecbc4/channels?session_id=44b0710a-7460-47d5-a1c8-2bd9196892f8' failed: Error during WebSocket handshake: Unexpected response code: 502 @ https://jupyter.hpc.hse.ru/user/aoshavrina/static/lab/jlab_core.fc632a0f38747f007842.js?v=fc632a0f38747f007842:1
[ 2262620ms] [ERROR] Failed to load resource: the server responded with a status of 503 (Service Unavailable) @ https://jupyter.hpc.hse.ru/user/aoshavrina/api/kernels/273d0e85-eaa5-4785-8003-5e78631ecbc4?1790639217122:0
[ 2263887ms] [ERROR] Failed to load resource: the server responded with a status of 503 (Service Unavailable) @ https://jupyter.hpc.hse.ru/user/aoshavrina/api/contents?content=1&1790639218399:0
[ 2266046ms] [ERROR] Failed to load resource: the server responded with a status of 503 (Service Unavailable) @ https://jupyter.hpc.hse.ru/user/aoshavrina/api/sessions?1790639220527:0
[ 2266047ms] [ERROR] Failed to load resource: the server responded with a status of 503 (Service Unavailable) @ https://jupyter.hpc.hse.ru/user/aoshavrina/api/kernels?1790639220528:0
[ 2270427ms] [ERROR] Failed to load resource: the server responded with a status of 503 (Service Unavailable) @ https://jupyter.hpc.hse.ru/user/aoshavrina/api/terminals?1790639224926:0
[ 2274016ms] [ERROR] Failed to load resource: the server responded with a status of 503 (Service Unavailable) @ https://jupyter.hpc.hse.ru/user/aoshavrina/api/contents?content=1&1790639228517:0
[ 2284191ms] [ERROR] Failed to load resource: the server responded with a status of 503 (Service Unavailable) @ https://jupyter.hpc.hse.ru/user/aoshavrina/api/contents?content=1&1790639238649:0
[ 2289378ms] [ERROR] Failed to load resource: the server responded with a status of 503 (Service Unavailable) @ https://jupyter.hpc.hse.ru/user/aoshavrina/api/kernels?1790639243878:0
[ 2291516ms] [ERROR] Failed to load resource: the server responded with a status of 424 (Failed Dependency) @ https://jupyter.hpc.hse.ru/hub/user/aoshavrina/api/kernels/273d0e85-eaa5-4785-8003-5e78631ecbc4?1790639246044:0
[ 2292700ms] [ERROR] Failed to load resource: the server responded with a status of 424 (Failed Dependency) @ https://jupyter.hpc.hse.ru/hub/user/aoshavrina/api/kernels/273d0e85-eaa5-4785-8003-5e78631ecbc4?1790639247241:0
[ 2292852ms] [ERROR] Failed to load resource: the server responded with a status of 424 (Failed Dependency) @ https://jupyter.hpc.hse.ru/hub/user/aoshavrina/api/terminals?1790639247388:0
[ 2293730ms] [ERROR] Failed to load resource: the server responded with a status of 424 (Failed Dependency) @ https://jupyter.hpc.hse.ru/hub/user/aoshavrina/api/sessions?1790639248291:0
[ 2294264ms] [ERROR] Failed to load resource: the server responded with a status of 424 (Failed Dependency) @ https://jupyter.hpc.hse.ru/hub/user/aoshavrina/api/contents?content=1&1790639248819:0
[ 2304335ms] [ERROR] Failed to load resource: the server responded with a status of 424 (Failed Dependency) @ https://jupyter.hpc.hse.ru/hub/user/aoshavrina/api/contents?content=1&1790639258897:0
[ 2311763ms] [ERROR] Failed to load resource: the server responded with a status of 424 (Failed Dependency) @ https://jupyter.hpc.hse.ru/hub/user/aoshavrina/api/kernels/273d0e85-eaa5-4785-8003-5e78631ecbc4?1790639266325:0
[ 2312858ms] [ERROR] Failed to load resource: the server responded with a status of 424 (Failed Dependency) @ https://jupyter.hpc.hse.ru/hub/user/aoshavrina/api/kernels?1790639267415:0
[ 2314061ms] [ERROR] Failed to load resource: the server responded with a status of 424 (Failed Dependency) @ https://jupyter.hpc.hse.ru/hub/user/aoshavrina/api/kernelspecs?1790639268623:0
[ 2314413ms] [ERROR] Failed to load resource: the server responded with a status of 424 (Failed Dependency) @ https://jupyter.hpc.hse.ru/hub/user/aoshavrina/api/contents?content=1&1790639268965:0
[ 2315591ms] [ERROR] Failed to load resource: the server responded with a status of 424 (Failed Dependency) @ https://jupyter.hpc.hse.ru/hub/user/aoshavrina/api/kernels/273d0e85-eaa5-4785-8003-5e78631ecbc4?1790639270144:0
[ 2324498ms] [ERROR] Failed to load resource: the server responded with a status of 424 (Failed Dependency) @ https://jupyter.hpc.hse.ru/hub/user/aoshavrina/api/contents?content=1&1790639279048:0
[ 2327661ms] [ERROR] Failed to load resource: the server responded with a status of 424 (Failed Dependency) @ https://jupyter.hpc.hse.ru/hub/user/aoshavrina/api/kernels/273d0e85-eaa5-4785-8003-5e78631ecbc4?1790639282221:0
[ 2334569ms] [ERROR] Failed to load resource: the server responded with a status of 424 (Failed Dependency) @ https://jupyter.hpc.hse.ru/hub/user/aoshavrina/api/contents?content=1&1790639289130:0
[ 2339839ms] [ERROR] Failed to load resource: the server responded with a status of 424 (Failed Dependency) @ https://jupyter.hpc.hse.ru/hub/user/aoshavrina/api/kernels/273d0e85-eaa5-4785-8003-5e78631ecbc4?1790639294398:0
[ 2344649ms] [ERROR] Failed to load resource: the server responded with a status of 424 (Failed Dependency) @ https://jupyter.hpc.hse.ru/hub/user/aoshavrina/api/contents?content=1&1790639299204:0
[ 2345863ms] [ERROR] Failed to load resource: the server responded with a status of 424 (Failed Dependency) @ https://jupyter.hpc.hse.ru/hub/user/aoshavrina/api/terminals?1790639300429:0
[ 2354208ms] [ERROR] Failed to load resource: the server responded with a status of 424 (Failed Dependency) @ https://jupyter.hpc.hse.ru/hub/user/aoshavrina/api/kernels/273d0e85-eaa5-4785-8003-5e78631ecbc4?1790639308465:0
[ 2354841ms] [ERROR] Failed to load resource: the server responded with a status of 424 (Failed Dependency) @ https://jupyter.hpc.hse.ru/hub/user/aoshavrina/api/contents?content=1&1790639309274:0
[ 2355733ms] [ERROR] Failed to load resource: the server responded with a status of 424 (Failed Dependency) @ https://jupyter.hpc.hse.ru/hub/user/aoshavrina/api/kernels/273d0e85-eaa5-4785-8003-5e78631ecbc4?1790639310295:0
[ 2358727ms] [ERROR] Failed to load resource: the server responded with a status of 424 (Failed Dependency) @ https://jupyter.hpc.hse.ru/hub/user/aoshavrina/api/sessions?1790639313289:0
[ 2358900ms] [ERROR] Failed to load resource: the server responded with a status of 424 (Failed Dependency) @ https://jupyter.hpc.hse.ru/hub/user/aoshavrina/api/kernels?1790639313459:0
[ 2364910ms] [ERROR] Failed to load resource: the server responded with a status of 424 (Failed Dependency) @ https://jupyter.hpc.hse.ru/hub/user/aoshavrina/api/contents?content=1&1790639319468:0
[ 2369293ms] [ERROR] Failed to load resource: the server responded with a status of 424 (Failed Dependency) @ https://jupyter.hpc.hse.ru/hub/user/aoshavrina/api/kernels/273d0e85-eaa5-4785-8003-5e78631ecbc4?1790639323849:0
[ 2374803ms] [ERROR] Failed to load resource: the server responded with a status of 424 (Failed Dependency) @ https://jupyter.hpc.hse.ru/hub/user/aoshavrina/api/kernels/273d0e85-eaa5-4785-8003-5e78631ecbc4?1790639329363:0
[ 2374972ms] [ERROR] Failed to load resource: the server responded with a status of 424 (Failed Dependency) @ https://jupyter.hpc.hse.ru/hub/user/aoshavrina/api/contents?content=1&1790639329533:0
[ 2383680ms] [ERROR] Failed to load resource: the server responded with a status of 424 (Failed Dependency) @ https://jupyter.hpc.hse.ru/hub/user/aoshavrina/api/kernels?1790639338211:0
[ 2385043ms] [ERROR] Failed to load resource: the server responded with a status of 424 (Failed Dependency) @ https://jupyter.hpc.hse.ru/hub/user/aoshavrina/api/contents?content=1&1790639339595:0
[ 2387355ms] [ERROR] Failed to load resource: the server responded with a status of 424 (Failed Dependency) @ https://jupyter.hpc.hse.ru/hub/user/aoshavrina/api/kernels/273d0e85-eaa5-4785-8003-5e78631ecbc4?1790639341916:0
[ 2395107ms] [ERROR] Failed to load resource: the server responded with a status of 424 (Failed Dependency) @ https://jupyter.hpc.hse.ru/hub/user/aoshavrina/api/contents?content=1&1790639349674:0
[ 2399868ms] [ERROR] Failed to load resource: the server responded with a status of 424 (Failed Dependency) @ https://jupyter.hpc.hse.ru/hub/user/aoshavrina/api/kernels/273d0e85-eaa5-4785-8003-5e78631ecbc4?1790639354431:0
[ 2405178ms] [ERROR] Failed to load resource: the server responded with a status of 424 (Failed Dependency) @ https://jupyter.hpc.hse.ru/hub/user/aoshavrina/api/contents?content=1&1790639359738:0
[ 2411534ms] [ERROR] Failed to load resource: the server responded with a status of 424 (Failed Dependency) @ https://jupyter.hpc.hse.ru/hub/user/aoshavrina/api/kernels/273d0e85-eaa5-4785-8003-5e78631ecbc4?1790639365983:0
[ 2412171ms] [ERROR] Failed to load resource: the server responded with a status of 424 (Failed Dependency) @ https://jupyter.hpc.hse.ru/hub/user/aoshavrina/api/kernels?1790639366729:0
[ 2415251ms] [ERROR] Failed to load resource: the server responded with a status of 424 (Failed Dependency) @ https://jupyter.hpc.hse.ru/hub/user/aoshavrina/api/contents?content=1&1790639369800:0
[ 2423954ms] [ERROR] Failed to load resource: the server responded with a status of 424 (Failed Dependency) @ https://jupyter.hpc.hse.ru/hub/user/aoshavrina/api/kernels/273d0e85-eaa5-4785-8003-5e78631ecbc4?1790639378501:0
[ 2425402ms] [ERROR] Failed to load resource: the server responded with a status of 424 (Failed Dependency) @ https://jupyter.hpc.hse.ru/hub/user/aoshavrina/api/contents?content=1&1790639379881:0
[ 2425733ms] [ERROR] Failed to load resource: the server responded with a status of 424 (Failed Dependency) @ https://jupyter.hpc.hse.ru/hub/user/aoshavrina/api/kernels/273d0e85-eaa5-4785-8003-5e78631ecbc4?1790639380162:0
[ 2435496ms] [ERROR] Failed to load resource: the server responded with a status of 424 (Failed Dependency) @ https://jupyter.hpc.hse.ru/hub/user/aoshavrina/api/contents?content=1&1790639390033:0
[ 2445015ms] [ERROR] Failed to load resource: the server responded with a status of 424 (Failed Dependency) @ https://jupyter.hpc.hse.ru/hub/user/aoshavrina/api/kernels/273d0e85-eaa5-4785-8003-5e78631ecbc4?1790639399577:0
[ 2445569ms] [ERROR] Failed to load resource: the server responded with a status of 424 (Failed Dependency) @ https://jupyter.hpc.hse.ru/hub/user/aoshavrina/api/contents?content=1&1790639400131:0
[ 2451800ms] [ERROR] Failed to load resource: the server responded with a status of 424 (Failed Dependency) @ https://jupyter.hpc.hse.ru/hub/user/aoshavrina/api/kernels/273d0e85-eaa5-4785-8003-5e78631ecbc4?1790639406362:0
[ 2455637ms] [ERROR] Failed to load resource: the server responded with a status of 424 (Failed Dependency) @ https://jupyter.hpc.hse.ru/hub/user/aoshavrina/api/contents?content=1&1790639410192:0
[ 2465114ms] [ERROR] Failed to load resource: the server responded with a status of 424 (Failed Dependency) @ https://jupyter.hpc.hse.ru/hub/user/aoshavrina/api/kernels/273d0e85-eaa5-4785-8003-5e78631ecbc4?1790639419651:0
[ 2465720ms] [ERROR] Failed to load resource: the server responded with a status of 424 (Failed Dependency) @ https://jupyter.hpc.hse.ru/hub/user/aoshavrina/api/contents?content=1&1790639420270:0
[ 2468020ms] [ERROR] Failed to load resource: the server responded with a status of 424 (Failed Dependency) @ https://jupyter.hpc.hse.ru/hub/user/aoshavrina/api/kernels?1790639422580:0
[ 2468964ms] [ERROR] Failed to load resource: the server responded with a status of 424 (Failed Dependency) @ https://jupyter.hpc.hse.ru/hub/user/aoshavrina/api/kernelspecs?1790639423519:0
[ 2471878ms] [ERROR] Failed to load resource: the server responded with a status of 424 (Failed Dependency) @ https://jupyter.hpc.hse.ru/hub/user/aoshavrina/api/kernels/273d0e85-eaa5-4785-8003-5e78631ecbc4?1790639426424:0
[ 2475992ms] [ERROR] Failed to load resource: the server responded with a status of 424 (Failed Dependency) @ https://jupyter.hpc.hse.ru/hub/user/aoshavrina/api/contents?content=1&1790639430347:0
[ 2479180ms] [ERROR] Failed to load resource: the server responded with a status of 424 (Failed Dependency) @ https://jupyter.hpc.hse.ru/hub/user/aoshavrina/api/kernels/273d0e85-eaa5-4785-8003-5e78631ecbc4?1790639433739:0
[ 2486069ms] [ERROR] Failed to load resource: the server responded with a status of 424 (Failed Dependency) @ https://jupyter.hpc.hse.ru/hub/user/aoshavrina/api/contents?content=1&1790639440627:0
[ 2491938ms] [ERROR] Failed to load resource: the server responded with a status of 424 (Failed Dependency) @ https://jupyter.hpc.hse.ru/hub/user/aoshavrina/api/kernels/273d0e85-eaa5-4785-8003-5e78631ecbc4?1790639446503:0
[ 2496127ms] [ERROR] Failed to load resource: the server responded with a status of 424 (Failed Dependency) @ https://jupyter.hpc.hse.ru/hub/user/aoshavrina/api/contents?content=1&1790639450695:0
[ 2498349ms] [ERROR] Failed to load resource: the server responded with a status of 424 (Failed Dependency) @ https://jupyter.hpc.hse.ru/hub/user/aoshavrina/api/terminals?1790639452884:0
[ 2501244ms] [ERROR] Failed to load resource: the server responded with a status of 424 (Failed Dependency) @ https://jupyter.hpc.hse.ru/hub/user/aoshavrina/api/kernels/273d0e85-eaa5-4785-8003-5e78631ecbc4?1790639455809:0
[ 2502035ms] [ERROR] Failed to load resource: the server responded with a status of 424 (Failed Dependency) @ https://jupyter.hpc.hse.ru/hub/user/aoshavrina/api/kernels/273d0e85-eaa5-4785-8003-5e78631ecbc4?1790639456570:0
[ 2502045ms] [ERROR] Failed to load resource: the server responded with a status of 424 (Failed Dependency) @ https://jupyter.hpc.hse.ru/hub/user/aoshavrina/api/sessions?1790639456617:0
[ 2506190ms] [ERROR] Failed to load resource: the server responded with a status of 424 (Failed Dependency) @ https://jupyter.hpc.hse.ru/hub/user/aoshavrina/api/contents?content=1&1790639460756:0
[ 2516252ms] [ERROR] Failed to load resource: the server responded with a status of 424 (Failed Dependency) @ https://jupyter.hpc.hse.ru/hub/user/aoshavrina/api/contents?content=1&1790639470815:0
[ 2518486ms] [ERROR] Failed to load resource: the server responded with a status of 424 (Failed Dependency) @ https://jupyter.hpc.hse.ru/hub/user/aoshavrina/api/kernels?1790639473052:0
[ 2519315ms] [ERROR] Failed to load resource: the server responded with a status of 424 (Failed Dependency) @ https://jupyter.hpc.hse.ru/hub/user/aoshavrina/api/kernels/273d0e85-eaa5-4785-8003-5e78631ecbc4?1790639473878:0
[ 2526308ms] [ERROR] Failed to load resource: the server responded with a status of 424 (Failed Dependency) @ https://jupyter.hpc.hse.ru/hub/user/aoshavrina/api/contents?content=1&1790639480874:0
[ 2532100ms] [ERROR] Failed to load resource: the server responded with a status of 424 (Failed Dependency) @ https://jupyter.hpc.hse.ru/hub/user/aoshavrina/api/kernels/273d0e85-eaa5-4785-8003-5e78631ecbc4?1790639486668:0
[ 2536380ms] [ERROR] Failed to load resource: the server responded with a status of 424 (Failed Dependency) @ https://jupyter.hpc.hse.ru/hub/user/aoshavrina/api/contents?content=1&1790639490943:0
[ 2540397ms] [ERROR] Failed to load resource: the server responded with a status of 424 (Failed Dependency) @ https://jupyter.hpc.hse.ru/hub/user/aoshavrina/api/kernels/273d0e85-eaa5-4785-8003-5e78631ecbc4?1790639494947:0
[ 2546466ms] [ERROR] Failed to load resource: the server responded with a status of 424 (Failed Dependency) @ https://jupyter.hpc.hse.ru/hub/user/aoshavrina/api/contents?content=1&1790639501010:0
[ 2552176ms] [ERROR] Failed to load resource: the server responded with a status of 424 (Failed Dependency) @ https://jupyter.hpc.hse.ru/hub/user/aoshavrina/api/kernels/273d0e85-eaa5-4785-8003-5e78631ecbc4?1790639506723:0
[ 2556552ms] [ERROR] Failed to load resource: the server responded with a status of 424 (Failed Dependency) @ https://jupyter.hpc.hse.ru/hub/user/aoshavrina/api/contents?content=1&1790639511101:0
[ 2566676ms] [ERROR] Failed to load resource: the server responded with a status of 424 (Failed Dependency) @ https://jupyter.hpc.hse.ru/hub/user/aoshavrina/api/contents?content=1&1790639521183:0
[ 2570466ms] [ERROR] Failed to load resource: the server responded with a status of 424 (Failed Dependency) @ https://jupyter.hpc.hse.ru/hub/user/aoshavrina/api/kernels/273d0e85-eaa5-4785-8003-5e78631ecbc4?1790639525024:0
[ 2576244ms] [ERROR] Failed to load resource: the server responded with a status of 424 (Failed Dependency) @ https://jupyter.hpc.hse.ru/hub/user/aoshavrina/api/kernels/273d0e85-eaa5-4785-8003-5e78631ecbc4?1790639530803:0
[ 2576740ms] [ERROR] Failed to load resource: the server responded with a status of 424 (Failed Dependency) @ https://jupyter.hpc.hse.ru/hub/user/aoshavrina/api/contents?content=1&1790639531298:0
[ 2582578ms] [ERROR] Failed to load resource: the server responded with a status of 424 (Failed Dependency) @ https://jupyter.hpc.hse.ru/hub/user/aoshavrina/api/kernels/273d0e85-eaa5-4785-8003-5e78631ecbc4?1790639537101:0
[ 2586809ms] [ERROR] Failed to load resource: the server responded with a status of 424 (Failed Dependency) @ https://jupyter.hpc.hse.ru/hub/user/aoshavrina/api/contents?content=1&1790639541364:0
[ 2588338ms] [ERROR] Failed to load resource: the server responded with a status of 424 (Failed Dependency) @ https://jupyter.hpc.hse.ru/hub/user/aoshavrina/api/kernels/273d0e85-eaa5-4785-8003-5e78631ecbc4?1790639542879:0
[ 2591387ms] [ERROR] Failed to load resource: the server responded with a status of 424 (Failed Dependency) @ https://jupyter.hpc.hse.ru/hub/user/aoshavrina/api/terminals?1790639545946:0
[ 2594639ms] [ERROR] Failed to load resource: the server responded with a status of 424 (Failed Dependency) @ https://jupyter.hpc.hse.ru/hub/user/aoshavrina/api/kernels/273d0e85-eaa5-4785-8003-5e78631ecbc4?1790639549204:0
[ 2596873ms] [ERROR] Failed to load resource: the server responded with a status of 424 (Failed Dependency) @ https://jupyter.hpc.hse.ru/hub/user/aoshavrina/api/contents?content=1&1790639551431:0
[ 2603542ms] [ERROR] Failed to load resource: the server responded with a status of 424 (Failed Dependency) @ https://jupyter.hpc.hse.ru/hub/user/aoshavrina/api/kernels/273d0e85-eaa5-4785-8003-5e78631ecbc4?1790639558098:0
